[    0.000000] Linux version 4.15.0-50-generic (buildd@lcy01-amd64-013) (gcc version 7.3.0 (Ubuntu 7.3.0-16ubuntu3)) #54-Ubuntu SMP Mon May 6 18:46:08 UTC 2019 (Ubuntu 4.15.0-50.54-generic 4.15.18)
[    0.000000] Command line: BOOT_IMAGE=/boot/vmlinuz-4.15.0-50-generic root=LABEL=cloudimg-rootfs ro console=tty1 console=ttyS0
[    0.000000] KERNEL supported cpus:
[    0.000000]   Intel GenuineIntel
[    0.000000]   AMD AuthenticAMD
[    0.000000]   Centaur CentaurHauls
[    0.000000] x86/fpu: Supporting XSAVE feature 0x001: 'x87 floating point registers'
[    0.000000] x86/fpu: Supporting XSAVE feature 0x002: 'SSE registers'
[    0.000000] x86/fpu: Supporting XSAVE feature 0x004: 'AVX registers'
[    0.000000] x86/fpu: xstate_offset[2]:  576, xstate_sizes[2]:  256
[    0.000000] x86/fpu: Enabled xstate features 0x7, context size is 832 bytes, using 'standard' format.
[    0.000000] e820: BIOS-provided physical RAM map:
[    0.000000] BIOS-e820: [mem 0x0000000000000000-0x000000000009fbff] usable
[    0.000000] BIOS-e820: [mem 0x000000000009fc00-0x000000000009ffff] reserved
[    0.000000] BIOS-e820: [mem 0x00000000000f0000-0x00000000000fffff] reserved
[    0.000000] BIOS-e820: [mem 0x0000000000100000-0x000000005dbeffff] usable
[    0.000000] BIOS-e820: [mem 0x000000005dbf0000-0x000000005dbfffff] ACPI data
[    0.000000] BIOS-e820: [mem 0x00000000fec00000-0x00000000fec00fff] reserved
[    0.000000] BIOS-e820: [mem 0x00000000fee00000-0x00000000fee00fff] reserved
[    0.000000] BIOS-e820: [mem 0x00000000fffc0000-0x00000000ffffffff] reserved
[    0.000000] NX (Execute Disable) protection: active
[    0.000000] SMBIOS 2.5 present.
[    0.000000] DMI: innotek GmbH VirtualBox/VirtualBox, BIOS VirtualBox 12/01/2006
[    0.000000] Hypervisor detected: KVM
[    0.000000] e820: last_pfn = 0x5dbf0 max_arch_pfn = 0x400000000
[    0.000000] MTRR: Disabled
[    0.000000] x86/PAT: MTRRs disabled, skipping PAT initialization too.
[    0.000000] CPU MTRRs all blank - virtualized system.
[    0.000000] x86/PAT: Configuration [0-7]: WB  WT  UC- UC  WB  WT  UC- UC  
[    0.000000] found SMP MP-table at [mem 0x0009fff0-0x0009ffff] mapped at [        (ptrval)]
[    0.000000] Scanning 1 areas for low memory corruption
[    0.000000] RAMDISK: [mem 0x35add000-0x36d65fff]
[    0.000000] ACPI: Early table checksum verification disabled
[    0.000000] ACPI: RSDP 0x00000000000E0000 000024 (v02 VBOX  )
[    0.000000] ACPI: XSDT 0x000000005DBF0030 00003C (v01 VBOX   VBOXXSDT 00000001 ASL  00000061)
[    0.000000] ACPI: FACP 0x000000005DBF00F0 0000F4 (v04 VBOX   VBOXFACP 00000001 ASL  00000061)
[    0.000000] ACPI: DSDT 0x000000005DBF0470 0021FF (v02 VBOX   VBOXBIOS 00000002 INTL 20180105)
[    0.000000] ACPI: FACS 0x000000005DBF0200 000040
[    0.000000] ACPI: FACS 0x000000005DBF0200 000040
[    0.000000] ACPI: APIC 0x000000005DBF0240 00005C (v02 VBOX   VBOXAPIC 00000001 ASL  00000061)
[    0.000000] ACPI: SSDT 0x000000005DBF02A0 0001CC (v01 VBOX   VBOXCPUT 00000002 INTL 20180105)
[    0.000000] No NUMA configuration found
[    0.000000] Faking a node at [mem 0x0000000000000000-0x000000005dbeffff]
[    0.000000] NODE_DATA(0) allocated [mem 0x5dbc5000-0x5dbeffff]
[    0.000000] kvm-clock: cpu 0, msr 0:5db44001, primary cpu clock
[    0.000000] kvm-clock: Using msrs 4b564d01 and 4b564d00
[    0.000000] kvm-clock: using sched offset of 16787327791 cycles
[    0.000000] clocksource: kvm-clock: mask: 0xffffffffffffffff max_cycles: 0x1cd42e4dffb, max_idle_ns: 881590591483 ns
[    0.000000] Zone ranges:
[    0.000000]   DMA      [mem 0x0000000000001000-0x0000000000ffffff]
[    0.000000]   DMA32    [mem 0x0000000001000000-0x000000005dbeffff]
[    0.000000]   Normal   empty
[    0.000000]   Device   empty
[    0.000000] Movable zone start for each node
[    0.000000] Early memory node ranges
[    0.000000]   node   0: [mem 0x0000000000001000-0x000000000009efff]
[    0.000000]   node   0: [mem 0x0000000000100000-0x000000005dbeffff]
[    0.000000] Reserved but unavailable: 9330 pages
[    0.000000] Initmem setup node 0 [mem 0x0000000000001000-0x000000005dbeffff]
[    0.000000] ACPI: PM-Timer IO Port: 0x4008
[    0.000000] IOAPIC[0]: apic_id 2, version 32, address 0xfec00000, GSI 0-23
[    0.000000] ACPI: INT_SRC_OVR (bus 0 bus_irq 0 global_irq 2 dfl dfl)
[    0.000000] ACPI: INT_SRC_OVR (bus 0 bus_irq 9 global_irq 9 low level)
[    0.000000] Using ACPI (MADT) for SMP configuration information
[    0.000000] smpboot: Allowing 2 CPUs, 0 hotplug CPUs
[    0.000000] PM: Registered nosave memory: [mem 0x00000000-0x00000fff]
[    0.000000] PM: Registered nosave memory: [mem 0x0009f000-0x0009ffff]
[    0.000000] PM: Registered nosave memory: [mem 0x000a0000-0x000effff]
[    0.000000] PM: Registered nosave memory: [mem 0x000f0000-0x000fffff]
[    0.000000] e820: [mem 0x5dc00000-0xfebfffff] available for PCI devices
[    0.000000] Booting paravirtualized kernel on KVM
[    0.000000] clocksource: refined-jiffies: mask: 0xffffffff max_cycles: 0xffffffff, max_idle_ns: 7645519600211568 ns
[    0.000000] random: get_random_bytes called from start_kernel+0x99/0x4fd with crng_init=0
[    0.000000] setup_percpu: NR_CPUS:8192 nr_cpumask_bits:2 nr_cpu_ids:2 nr_node_ids:1
[    0.000000] percpu: Embedded 46 pages/cpu @        (ptrval) s151552 r8192 d28672 u1048576
[    0.000000] PV qspinlock hash table entries: 256 (order: 0, 4096 bytes)
[    0.000000] Built 1 zonelists, mobility grouping on.  Total pages: 377865
[    0.000000] Policy zone: DMA32
[    0.000000] Kernel command line: BOOT_IMAGE=/boot/vmlinuz-4.15.0-50-generic root=LABEL=cloudimg-rootfs ro console=tty1 console=ttyS0
[    0.000000] Memory: 1462828K/1535544K available (12300K kernel code, 2474K rwdata, 4276K rodata, 2412K init, 2416K bss, 72716K reserved, 0K cma-reserved)
[    0.000000] SLUB: HWalign=64, Order=0-3, MinObjects=0, CPUs=2, Nodes=1
[    0.000000] Kernel/User page tables isolation: enabled
[    0.000000] ftrace: allocating 39233 entries in 154 pages
[    0.004000] Hierarchical RCU implementation.
[    0.004000] 	RCU restricting CPUs from NR_CPUS=8192 to nr_cpu_ids=2.
[    0.004000] 	Tasks RCU enabled.
[    0.004000] RCU: Adjusting geometry for rcu_fanout_leaf=16, nr_cpu_ids=2
[    0.004000] NR_IRQS: 524544, nr_irqs: 440, preallocated irqs: 16
[    0.004000] Console: colour VGA+ 80x25
[    0.004000] console [tty1] enabled
[    0.004000] console [ttyS0] enabled
[    0.004000] ACPI: Core revision 20170831
[    0.004000] ACPI: 2 ACPI AML tables successfully acquired and loaded
[    0.004000] APIC: Switch to symmetric I/O mode setup
[    0.013888] x2apic enabled
[    0.016096] Switched APIC routing to physical x2apic.
[    0.060000] ..TIMER: vector=0x30 apic1=0 pin1=2 apic2=-1 pin2=-1
[    0.060004] tsc: Detected 2297.340 MHz processor
[    0.064018] Calibrating delay loop (skipped) preset value.. 4594.68 BogoMIPS (lpj=9189360)
[    0.068009] pid_max: default: 32768 minimum: 301
[    0.072040] Security Framework initialized
[    0.076004] Yama: becoming mindful.
[    0.080041] AppArmor: AppArmor initialized
[    0.088520] Dentry cache hash table entries: 262144 (order: 9, 2097152 bytes)
[    0.096172] Inode-cache hash table entries: 131072 (order: 8, 1048576 bytes)
[    0.100051] Mount-cache hash table entries: 4096 (order: 3, 32768 bytes)
[    0.104020] Mountpoint-cache hash table entries: 4096 (order: 3, 32768 bytes)
[    0.113166] mce: CPU supports 0 MCE banks
[    0.116581] Last level iTLB entries: 4KB 0, 2MB 0, 4MB 0
[    0.120004] Last level dTLB entries: 4KB 0, 2MB 0, 4MB 0, 1GB 0
[    0.124004] Spectre V2 : Mitigation: Full generic retpoline
[    0.128003] Spectre V2 : Spectre v2 / SpectreRSB mitigation: Filling RSB on context switch
[    0.132004] Speculative Store Bypass: Vulnerable
[    0.136064] MDS: Vulnerable: Clear CPU buffers attempted, no microcode
[    0.144040] Freeing SMP alternatives memory: 36K
[    0.156000] smpboot: CPU0: Intel Core Processor (Haswell, no TSX) (family: 0x6, model: 0x3c, stepping: 0x1)
[    0.156154] Performance Events: unsupported p6 CPU model 60 no PMU driver, software events only.
[    0.160253] Hierarchical SRCU implementation.
[    0.164772] NMI watchdog: Perf event create on CPU 0 failed with -2
[    0.168004] NMI watchdog: Perf NMI watchdog permanently disabled
[    0.172105] smp: Bringing up secondary CPUs ...
[    0.176292] x86: Booting SMP configuration:
[    0.180004] .... node  #0, CPUs:      #1
[    0.004000] kvm-clock: cpu 1, msr 0:5db44041, secondary cpu clock
[    0.004000] mce: CPU supports 0 MCE banks
[    0.260343] smp: Brought up 1 node, 2 CPUs
[    0.264008] smpboot: Max logical packages: 1
[    0.268005] smpboot: Total of 2 processors activated (9189.36 BogoMIPS)
[    0.276007] devtmpfs: initialized
[    0.280093] x86/mm: Memory block size: 128MB
[    0.288217] evm: security.selinux
[    0.292003] evm: security.SMACK64
[    0.296004] evm: security.SMACK64EXEC
[    0.300003] evm: security.SMACK64TRANSMUTE
[    0.304018] evm: security.SMACK64MMAP
[    0.308004] evm: security.apparmor
[    0.312004] evm: security.ima
[    0.316004] evm: security.capability
[    0.324328] clocksource: jiffies: mask: 0xffffffff max_cycles: 0xffffffff, max_idle_ns: 7645041785100000 ns
[    0.328018] futex hash table entries: 512 (order: 3, 32768 bytes)
[    0.332184] pinctrl core: initialized pinctrl subsystem
[    0.337381] RTC time: 19:01:02, date: 05/20/19
[    0.341362] NET: Registered protocol family 16
[    0.344171] audit: initializing netlink subsys (disabled)
[    0.348505] audit: type=2000 audit(1558378876.489:1): state=initialized audit_enabled=0 res=1
[    0.396016] cpuidle: using governor ladder
[    0.400011] cpuidle: using governor menu
[    0.404044] ACPI: bus type PCI registered
[    0.408005] acpiphp: ACPI Hot Plug PCI Controller Driver version: 0.5
[    0.414210] PCI: Using configuration type 1 for base access
[    0.424294] HugeTLB registered 2.00 MiB page size, pre-allocated 0 pages
[    0.432435] ACPI: Added _OSI(Module Device)
[    0.436006] ACPI: Added _OSI(Processor Device)
[    0.440004] ACPI: Added _OSI(3.0 _SCP Extensions)
[    0.444006] ACPI: Added _OSI(Processor Aggregator Device)
[    0.448006] ACPI: Added _OSI(Linux-Dell-Video)
[    0.452005] ACPI: Added _OSI(Linux-Lenovo-NV-HDMI-Audio)
[    0.456005] ACPI: Added _OSI(Linux-HPI-Hybrid-Graphics)
[    0.468443] ACPI: Executed 1 blocks of module-level executable AML code
[    0.482909] ACPI: Interpreter enabled
[    0.484018] ACPI: (supports S0 S5)
[    0.488005] ACPI: Using IOAPIC for interrupt routing
[    0.496486] PCI: Using host bridge windows from ACPI; if necessary, use "pci=nocrs" and report a bug
[    0.502030] ACPI: Enabled 2 GPEs in block 00 to 07
[    0.550631] ACPI: PCI Root Bridge [PCI0] (domain 0000 [bus 00-ff])
[    0.552011] acpi PNP0A03:00: _OSC: OS supports [ASPM ClockPM Segments MSI]
[    0.556044] acpi PNP0A03:00: _OSC: not requesting OS control; OS requires [ExtendedConfig ASPM ClockPM MSI]
[    0.560016] acpi PNP0A03:00: fail to add MMCONFIG information, can't access extended PCI configuration space under this bridge.
[    0.571892] PCI host bridge to bus 0000:00
[    0.572007] pci_bus 0000:00: root bus resource [io  0x0000-0x0cf7 window]
[    0.576016] pci_bus 0000:00: root bus resource [io  0x0d00-0xffff window]
[    0.580005] pci_bus 0000:00: root bus resource [mem 0x000a0000-0x000bffff window]
[    0.584005] pci_bus 0000:00: root bus resource [mem 0x5dc00000-0xfdffffff window]
[    0.588006] pci_bus 0000:00: root bus resource [bus 00-ff]
[    0.646163] pci 0000:00:01.1: legacy IDE quirk: reg 0x10: [io  0x01f0-0x01f7]
[    0.648005] pci 0000:00:01.1: legacy IDE quirk: reg 0x14: [io  0x03f6]
[    0.652005] pci 0000:00:01.1: legacy IDE quirk: reg 0x18: [io  0x0170-0x0177]
[    0.656005] pci 0000:00:01.1: legacy IDE quirk: reg 0x1c: [io  0x0376]
[    1.122196] pci 0000:00:07.0: quirk: [io  0x4000-0x403f] claimed by PIIX4 ACPI
[    1.124311] pci 0000:00:07.0: quirk: [io  0x4100-0x410f] claimed by PIIX4 SMB
[    1.393408] ACPI: PCI Interrupt Link [LNKA] (IRQs 5 9 10 *11)
[    1.401283] ACPI: PCI Interrupt Link [LNKB] (IRQs 5 9 *10 11)
[    1.405235] ACPI: PCI Interrupt Link [LNKC] (IRQs 5 *9 10 11)
[    1.409266] ACPI: PCI Interrupt Link [LNKD] (IRQs 5 9 10 *11)
[    1.422899] SCSI subsystem initialized
[    1.428911] pci 0000:00:02.0: vgaarb: setting as boot VGA device
[    1.432000] pci 0000:00:02.0: vgaarb: VGA device added: decodes=io+mem,owns=io+mem,locks=none
[    1.432020] pci 0000:00:02.0: vgaarb: bridge control possible
[    1.436004] vgaarb: loaded
[    1.440571] ACPI: bus type USB registered
[    1.444331] usbcore: registered new interface driver usbfs
[    1.448030] usbcore: registered new interface driver hub
[    1.452146] usbcore: registered new device driver usb
[    1.460614] EDAC MC: Ver: 3.0.0
[    1.477267] PCI: Using ACPI for IRQ routing
[    1.490423] NetLabel: Initializing
[    1.492005] NetLabel:  domain hash size = 128
[    1.496008] NetLabel:  protocols = UNLABELED CIPSOv4 CALIPSO
[    1.500039] NetLabel:  unlabeled traffic allowed by default
[    1.509959] clocksource: Switched to clocksource kvm-clock
[    1.573526] VFS: Disk quotas dquot_6.6.0
[    1.592540] VFS: Dquot-cache hash table entries: 512 (order 0, 4096 bytes)
[    1.626276] AppArmor: AppArmor Filesystem Enabled
[    1.648552] pnp: PnP ACPI init
[    1.673728] pnp: PnP ACPI: found 3 devices
[    1.787065] clocksource: acpi_pm: mask: 0xffffff max_cycles: 0xffffff, max_idle_ns: 2085701024 ns
[    1.826142] NET: Registered protocol family 2
[    1.850927] TCP established hash table entries: 16384 (order: 5, 131072 bytes)
[    1.883152] TCP bind hash table entries: 16384 (order: 6, 262144 bytes)
[    1.916829] TCP: Hash tables configured (established 16384 bind 16384)
[    2.342260] UDP hash table entries: 1024 (order: 3, 32768 bytes)
[    2.370889] UDP-Lite hash table entries: 1024 (order: 3, 32768 bytes)
[    2.401824] NET: Registered protocol family 1
[    2.423766] pci 0000:00:00.0: Limiting direct PCI/PCI transfers
[    2.454526] pci 0000:00:01.0: Activating ISA DMA hang workarounds
[    2.484854] pci 0000:00:02.0: Video device with shadowed ROM at [mem 0x000c0000-0x000dffff]
[    2.526126] Unpacking initramfs...
[    3.030485] Freeing initrd memory: 18980K
[    3.053030] clocksource: tsc: mask: 0xffffffffffffffff max_cycles: 0x211d64549a7, max_idle_ns: 440795285220 ns
[    3.132988] platform rtc_cmos: registered platform RTC device (no PNP device found)
[    3.182191] Scanning for low memory corruption every 60 seconds
[    3.222407] Initialise system trusted keyrings
[    3.245183] Key type blacklist registered
[    3.269017] workingset: timestamp_bits=36 max_order=19 bucket_order=0
[    3.327557] zbud: loaded
[    3.365453] squashfs: version 4.0 (2009/01/31) Phillip Lougher
[    3.398661] fuse init (API version 7.26)
[    3.454512] Key type asymmetric registered
[    3.475510] Asymmetric key parser 'x509' registered
[    3.499468] Block layer SCSI generic (bsg) driver version 0.4 loaded (major 246)
[    3.535741] io scheduler noop registered
[    3.556614] io scheduler deadline registered
[    3.578933] io scheduler cfq registered (default)
[    3.605360] ACPI: AC Adapter [AC] (on-line)
[    3.629313] input: Power Button as /devices/LNXSYSTM:00/LNXPWRBN:00/input/input0
[    3.664093] ACPI: Power Button [PWRF]
[    3.693109] input: Sleep Button as /devices/LNXSYSTM:00/LNXSLPBN:00/input/input1
[    3.746159] ACPI: Sleep Button [SLPF]
[    3.774246] Serial: 8250/16550 driver, 32 ports, IRQ sharing enabled
[    3.894082] 00:02: ttyS0 at I/O 0x3f8 (irq = 4, base_baud = 115200) is a 16550A
[    3.931495] Linux agpgart interface v0.103
[    3.958839] loop: module loaded
[    3.983208] scsi host0: ata_piix
[    4.001939] scsi host1: ata_piix
[    4.040360] ata1: PATA max UDMA/33 cmd 0x1f0 ctl 0x3f6 bmdma 0xd000 irq 14
[    4.070751] ata2: PATA max UDMA/33 cmd 0x170 ctl 0x376 bmdma 0xd008 irq 15
[    4.112819] libphy: Fixed MDIO Bus: probed
[    4.132793] tun: Universal TUN/TAP device driver, 1.6
[    4.166773] PPP generic driver version 2.4.2
[    4.204778] ehci_hcd: USB 2.0 'Enhanced' Host Controller (EHCI) Driver
[    4.247432] ehci-pci: EHCI PCI platform driver
[    4.277005] ehci-platform: EHCI generic platform driver
[    4.303325] ohci_hcd: USB 1.1 'Open' Host Controller (OHCI) Driver
[    4.335923] ohci-pci: OHCI PCI platform driver
[    4.361653] ohci-platform: OHCI generic platform driver
[    4.386940] uhci_hcd: USB Universal Host Controller Interface driver
[    4.417456] i8042: PNP: PS/2 Controller [PNP0303:PS2K,PNP0f03:PS2M] at 0x60,0x64 irq 1,12
[    4.469873] serio: i8042 KBD port at 0x60,0x64 irq 1
[    4.494608] serio: i8042 AUX port at 0x60,0x64 irq 12
[    4.522712] mousedev: PS/2 mouse device common for all mice
[    4.561083] input: AT Translated Set 2 keyboard as /devices/platform/i8042/serio0/input/input2
[    4.573242] rtc_cmos rtc_cmos: rtc core: registered rtc_cmos as rtc0
[    4.577141] rtc_cmos rtc_cmos: alarms up to one day, 114 bytes nvram
[    4.577158] i2c /dev entries driver
[    4.577230] pcie_mp2_amd: AMD(R) PCI-E MP2 Communication Driver Version: 1.0
[    4.577746] device-mapper: uevent: version 1.0.3
[    4.577959] device-mapper: ioctl: 4.37.0-ioctl (2017-09-20) initialised: dm-devel@redhat.com
[    4.798507] ledtrig-cpu: registered to indicate activity on CPUs
[    5.039170] NET: Registered protocol family 10
[    5.105225] Segment Routing with IPv6
[    5.134798] NET: Registered protocol family 17
[    5.165519] Key type dns_resolver registered
[    5.194963] RAS: Correctable Errors collector initialized.
[    5.241484] sched_clock: Marking stable (5240377403, 0)->(11133969016, -5893591613)
[    5.308093] registered taskstats version 1
[    5.330454] Loading compiled-in X.509 certificates
[    5.361901] Loaded X.509 cert 'Build time autogenerated kernel key: 0d5cb4b7de8533fd8e7240d711ae9d354ea3dca1'
[    5.408467] zswap: loaded using pool lzo/zbud
[    5.458896] Key type big_key registered
[    5.485924] Key type trusted registered
[    5.521054] Key type encrypted registered
[    5.543179] AppArmor: AppArmor sha1 policy hashing enabled
[    5.570585] ima: No TPM chip found, activating TPM-bypass! (rc=-19)
[    5.601290] ima: Allocated hash algorithm: sha1
[    5.623814] evm: HMAC attrs: 0x1
[    5.646771]   Magic number: 3:474:41
[    5.665300] bdi 7:6: hash matches
[    5.684847] rtc_cmos rtc_cmos: setting system clock to 2019-05-20 19:01:09 UTC (1558378869)
[    5.725212] BIOS EDD facility v0.16 2004-Jun-25, 0 devices found
[    5.755188] EDD information not available.
[    5.797086] Freeing unused kernel image memory: 2412K
[    5.848029] Write protecting the kernel read-only data: 20480k
[    5.889442] Freeing unused kernel image memory: 2008K
[    5.924868] Freeing unused kernel image memory: 1868K
[    5.970463] x86/mm: Checked W+X mappings: passed, no W+X pages found.
[    6.004016] x86/mm: Checking user space page tables
[    6.181957] x86/mm: Checked W+X mappings: passed, no W+X pages found.
Loading, please wait...
starting version 237
[    6.530694] e1000: Intel(R) PRO/1000 Network Driver - version 7.3.21-k8-NAPI
[    6.564305] e1000: Copyright (c) 1999-2006 Intel Corporation.
[    6.650060] Fusion MPT base driver 3.04.20
[    6.671230] Copyright (c) 1999-2008 LSI Corporation
[    6.738203] AVX2 version of gcm_enc/dec engaged.
[    6.775356] AES CTR mode by8 optimization enabled
[    6.808087] Fusion MPT SPI Host driver 3.04.20
[    7.034689] input: ImExPS/2 Generic Explorer Mouse as /devices/platform/i8042/serio1/input/input4
[    8.663749] e1000 0000:00:03.0 eth0: (PCI:33MHz:32-bit) 02:86:97:5e:66:88
[    8.691152] e1000 0000:00:03.0 eth0: Intel(R) PRO/1000 Network Connection
[   10.628631] e1000 0000:00:08.0 eth1: (PCI:33MHz:32-bit) 08:00:27:80:cf:90
[   10.657256] e1000 0000:00:08.0 eth1: Intel(R) PRO/1000 Network Connection
[   10.697734] e1000 0000:00:03.0 enp0s3: renamed from eth0
[   10.723740] mptbase: ioc0: Initiating bringup
[   10.767838] e1000 0000:00:08.0 enp0s8: renamed from eth1
[   10.914248] ioc0: LSI53C1030 A0: Capabilities={Initiator}
[   11.242946] scsi host2: ioc0: LSI53C1030 A0, FwRev=00000000h, Ports=1, MaxQ=256, IRQ=20
[   11.461723] scsi 2:0:0:0: Direct-Access     VBOX     HARDDISK         1.0  PQ: 0 ANSI: 5
[   12.250788] scsi target2:0:0: Beginning Domain Validation
[   12.309660] random: fast init done
[   12.342300] scsi target2:0:0: Domain Validation skipping write tests
[   12.635773] scsi target2:0:0: Ending Domain Validation
[   12.660894] scsi target2:0:0: asynchronous
[   12.683477] scsi 2:0:1:0: Direct-Access     VBOX     HARDDISK         1.0  PQ: 0 ANSI: 5
[   13.328435] scsi target2:0:1: Beginning Domain Validation
[   13.379349] scsi target2:0:1: Domain Validation skipping write tests
[   13.409239] scsi target2:0:1: Ending Domain Validation
[   13.434937] scsi target2:0:1: asynchronous
[   13.480645] random: systemd-udevd: uninitialized urandom read (16 bytes read)
[   13.483692] sd 2:0:0:0: Attached scsi generic sg0 type 0
[   13.484114] sd 2:0:1:0: Attached scsi generic sg1 type 0
[   13.487747] sd 2:0:0:0: [sda] 20971520 512-byte logical blocks: (10.7 GB/10.0 GiB)
[   13.488503] sd 2:0:0:0: [sda] Write Protect is off
[   13.489603] sd 2:0:0:0: [sda] Incomplete mode parameter data
[   13.489605] sd 2:0:0:0: [sda] Assuming drive cache: write through
[   13.497867]  sda: sda1
[   13.502506] sd 2:0:0:0: [sda] Attached SCSI disk
[   13.504891] sd 2:0:1:0: [sdb] 20480 512-byte logical blocks: (10.5 MB/10.0 MiB)
[   13.505398] sd 2:0:1:0: [sdb] Write Protect is off
[   13.506500] sd 2:0:1:0: [sdb] Incomplete mode parameter data
[   13.506502] sd 2:0:1:0: [sdb] Assuming drive cache: write through
[   13.531894] sd 2:0:1:0: [sdb] Attached SCSI disk
[   13.871722] random: systemd-udevd: uninitialized urandom read (16 bytes read)
[   13.906048] random: systemd-udevd: uninitialized urandom read (16 bytes read)
Begin: Loading essential drivers ... [   24.329461] raid6: sse2x1   gen()  6395 MB/s
[   24.398411] raid6: sse2x1   xor()  5519 MB/s
[   24.468537] raid6: sse2x2   gen()  9979 MB/s
[   24.533390] raid6: sse2x2   xor()  4093 MB/s
[   24.608444] raid6: sse2x4   gen() 11708 MB/s
[   24.680677] raid6: sse2x4   xor()  6070 MB/s
[   24.745119] raid6: avx2x1   gen() 13156 MB/s
[   24.808021] raid6: avx2x1   xor()  8856 MB/s
[   24.898489] raid6: avx2x2   gen() 18782 MB/s
[   24.968091] raid6: avx2x2   xor() 11089 MB/s
[   25.042564] raid6: avx2x4   gen() 18795 MB/s
[   25.108396] raid6: avx2x4   xor() 11890 MB/s
[   25.131183] raid6: using algorithm avx2x4 gen() 18795 MB/s
[   25.159275] raid6: .... xor() 11890 MB/s, rmw enabled
[   25.184964] raid6: using avx2x2 recovery algorithm
[   25.217064] xor: automatically using best checksumming function   avx       
[   25.259479] async_tx: api initialized (async)
done.
Begin: Running /scripts/init-premount ... done.
Begin: Mounting root file system ... Begin: Running /scripts/local-top ... done.
Begin: Running /scripts/local-premount ... [   25.430772] Btrfs loaded, crc32c=crc32c-intel
Scanning for Btrfs filesystems
done.
Warning: fsck not present, so skipping root file system
[   25.710622] EXT4-fs (sda1): mounted filesystem with ordered data mode. Opts: (null)
done.
Begin: Running /scripts/local-bottom ... done.
Begin: Running /scripts/init-bottom ... done.
[   26.553894] ip_tables: (C) 2000-2006 Netfilter Core Team
[   26.627941] systemd[1]: systemd 237 running in system mode. (+PAM +AUDIT +SELINUX +IMA +APPARMOR +SMACK +SYSVINIT +UTMP +LIBCRYPTSETUP +GCRYPT +GNUTLS +ACL +XZ +LZ4 +SECCOMP +BLKID +ELFUTILS +KMOD -IDN2 +IDN -PCRE2 default-hierarchy=hybrid)
[   26.768231] systemd[1]: Detected virtualization oracle.
[   26.800884] systemd[1]: Detected architecture x86-64.

Welcome to [1mUbuntu 18.04.2 LTS[0m!

[   26.949151] systemd[1]: Set hostname to <containerhost03>.
[   28.179468] systemd[1]: Created slice System Slice.
[[0;32m  OK  [0m] Created slice System Slice.
[   28.233807] systemd[1]: Listening on Journal Socket (/dev/log).
[[0;32m  OK  [0m] Listening on Journal Socket (/dev/log).
[   28.293746] systemd[1]: Listening on Journal Audit Socket.
[[0;32m  OK  [0m] Listening on Journal Audit Socket.
[   28.347466] systemd[1]: Listening on udev Kernel Socket.
[[0;32m  OK  [0m] Listening on udev Kernel Socket.
[   28.401314] systemd[1]: Created slice User and Session Slice.
[[0;32m  OK  [0m] Created slice User and Session Slice.
[   28.458475] systemd[1]: Reached target Swap.
[[0;32m  OK  [0m] Reached target Swap.
[[0;32m  OK  [0m] Listening on LVM2 metadata daemon socket.
[[0;32m  OK  [0m] Reached target System Time Synchronized.
[[0;32m  OK  [0m] Listening on LVM2 poll daemon socket.
[[0;32m  OK  [0m] Listening on Syslog Socket.
[[0;32m  OK  [0m] Listening on Device-mapper event daemon FIFOs.
[[0;32m  OK  [0m] Listening on Network Service Netlink Socket.
[[0;32m  OK  [0m] Listening on udev Control Socket.
[[0;32m  OK  [0m] Reached target User and Group Name Lookups.
[[0;32m  OK  [0m] Created slice system-serial\x2dgetty.slice.
[[0;32m  OK  [0m] Started Forward Password Requests to Wall Directory Watch.
[[0;32m  OK  [0m] Listening on /dev/initctl Compatibility Named Pipe.
[[0;32m  OK  [0m] Listening on Journal Socket.
         Starting Create list of required stâ€¦ce nodes for the current kernel...
         Starting Uncomplicated firewall...
         Starting Set the console keyboard layout...
         Starting Journal Service...
         Mounting Kernel Debug File System...
         Starting udev Coldplug all Devices...
         Starting Remount Root and Kernel File Systems...
         Mounting POSIX Message Queue File System...
         Mounting Huge Pages File System...
         Starting Monitoring of LVM2 mirrorsâ€¦ng dmeventd or progress polling...
[   30.313604] random: crng init done
[   30.361753] random: 7 urandom warning(s) missed due to ratelimiting
         Starting Load Kernel Modules...
[[0;32m  OK  [0m] Reached target Slices.
[[0;32m  OK  [0m] Set up automount Arbitrary Executabâ€¦rmats File System Automount Point.
[   30.503864] Loading iSCSI transport class v2.0-870.
[[0;32m  OK  [0m] Started Journal Service.
[[0;32m  OK  [0m] Started Create list of required staâ€¦vice nodes for the current kernel.
[   30.639689] iscsi: registered transport (tcp)
[[0;32m  OK  [0m] Started Uncomplicated firewall.
         Starting Create Static Device Nodes in /dev...[   30.716536] EXT4-fs (sda1): re-mounted. Opts: (null)

[[0;32m  OK  [0m] Mounted Kernel Debug File System.
[[0;32m  OK  [0m] Started Remount Root and Kernel File Systems.
[[0;32m  OK  [0m] Mounted POSIX Message Queue File System.
[[0;32m  OK  [0m] Mounted Huge Pages File System.
         Starting Flush Journal to Persistent Storage...
         Starting Load/Save Random Seed...
[[0;32m  OK  [0m] Started udev Coldplug all Devices.
[[0;32m  OK  [0m] Started Load/Save Random Seed.
[   30.991429] systemd-journald[391]: Received request to flush runtime journal from PID 1
[[0;32m  OK  [0m] Started LVM2 metadata daemon.
[[0;32m  OK  [0m] Started Create Static Device Nodes in /dev.
         Starting udev Kernel Device Manager...
[[0;32m  OK  [0m] Started Set the console keyboard layout.
[[0;32m  OK  [0m] Started Monitoring of LVM2 mirrors,â€¦sing dmeventd or progress polling.
[[0;32m  OK  [0m] Started Flush Journal to Persistent Storage.
[[0;32m  OK  [0m] Reached target Local File Systems (Pre).
[[0;32m  OK  [0m] Reached target Local File Systems.
         Starting Set console font and keymap...
         Starting Tell Plymouth To Write Out Runtime Data...
         Starting ebtables ruleset management...
         Starting Create Volatile Files and Directories...
         [   31.571022] iscsi: registered transport (iser)
Starting AppArmor initialization...
[[0;32m  OK  [0m] Started udev Kernel Device Manager.
[[0;32m  OK  [0m] Started Set console font and keymap.
[[0;32m  OK  [0m] Started Load Kernel Modules.
[[0;32m  OK  [0m] Started Tell Plymouth To Write Out Runtime Data.
[[0;32m  OK  [0m] Started Create Volatile Files and Directories.
         Starting Update UTMP about System Boot/Shutdown...
         Mounting Kernel Configuration File System...
         Mounting FUSE Control File System...
         Starting Apply Kernel Variables...
[[0;32m  OK  [0m] Started Dispatch Password Requests to Console Directory Watch.
[[0;32m  OK  [0m] Reached target Local Encrypted Volumes.
[[0;32m  OK  [0m] Started ebtables ruleset management.
[[0;32m  OK  [0m] Mounted Kernel Configuration File System.
[[0;32m  OK  [0m] Mounted FUSE Control File System.
[[0;32m  OK  [0m] Started Apply Kernel Variables.
[[0;32m  OK  [0m] Started Update UTMP about System Boot/Shutdown.
[[0;32m  OK  [0m] Found device /dev/ttyS0.
[[0;32m  OK  [0m] Started AppArmor initialization.
[[0;32m  OK  [0m] Listening on Load/Save RF Kill Switch Status /dev/rfkill Watch.
         Starting Initial cloud-init job (pre-networking)...
[   36.326511] cloud-init[523]: Cloud-init v. 18.5-45-g3554ffe8-0ubuntu1~18.04.1 running 'init-local' at Mon, 20 May 2019 19:01:39 +0000. Up 35.64 seconds.
[[0;32m  OK  [0m] Started Initial cloud-init job (pre-networking).
[[0;32m  OK  [0m] Reached target Network (Pre).
         Starting Network Service...
[[0;32m  OK  [0m] Started Network Service.
         Starting Wait for Network to be Configured...
         Starting Network Name Resolution...
[[0;32m  OK  [0m] Started Network Name Resolution.
[[0;32m  OK  [0m] Reached target Host and Network Name Lookups.
[[0;32m  OK  [0m] Reached target Network.
[[0;32m  OK  [0m] Started Wait for Network to be Configured.
         Starting Initial cloud-init job (metadata service crawler)...
[   39.121385] cloud-init[646]: Cloud-init v. 18.5-45-g3554ffe8-0ubuntu1~18.04.1 running 'init' at Mon, 20 May 2019 19:01:42 +0000. Up 38.83 seconds.
[   39.184977] cloud-init[646]: ci-info: ++++++++++++++++++++++++++++++++++++++Net device info+++++++++++++++++++++++++++++++++++++++
[   39.221838] cloud-init[646]: ci-info: +--------+------+-----------------------------+---------------+--------+-------------------+
[   39.251309] cloud-init[646]: ci-info: | Device |  Up  |           Address           |      Mask     | Scope  |     Hw-Address    |
[   39.283149] cloud-init[646]: ci-info: +--------+------+-----------------------------+---------------+--------+-------------------+
[   39.332464] cloud-init[646]: ci-info: | enp0s3 | True |          10.0.2.15          | 255.255.255.0 | global | 02:86:97:5e:66:88 |
[   39.365999] cloud-init[646]: ci-info: | enp0s3 | True |  fe80::86:97ff:fe5e:6688/64 |       .       |  link  | 02:86:97:5e:66:88 |
[   39.399575] cloud-init[646]: ci-info: | enp0s8 | True |         192.168.50.4        | 255.255.255.0 | global | 08:00:27:80:cf:90 |
[   39.441269] cloud-init[646]: ci-info: | enp0s8 | True | fe80::a00:27ff:fe80:cf90/64 |       .       |  link  | 08:00:27:80:cf:90 |
[   39.475712] cloud-init[646]: ci-info: |   lo   | True |          127.0.0.1          |   255.0.0.0   |  host  |         .         |
[   39.539565] cloud-init[646]: ci-info: |   lo   | True |           ::1/128           |       .       |  host  |         .         |
[   39.575324] cloud-init[646]: ci-info: +--------+------+-----------------------------+---------------+--------+-------------------+
[   39.623717] cloud-init[646]: ci-info: +++++++++++++++++++++++++++++Route IPv4 info+++++++++++++++++++++++++++++
[   39.651632] cloud-init[646]: ci-info: +-------+--------------+----------+-----------------+-----------+-------+
[   39.686501] cloud-init[646]: ci-info: | Route | Destination  | Gateway  |     Genmask     | Interface | Flags |
[   39.722464] cloud-init[646]: ci-info: +-------+--------------+----------+-----------------+-----------+-------+
[   39.754974] cloud-init[646]: ci-info: |   0   |   0.0.0.0    | 10.0.2.2 |     0.0.0.0     |   enp0s3  |   UG  |
[   39.785474] cloud-init[646]: ci-info: |   1   |   10.0.2.0   | 0.0.0.0  |  255.255.255.0  |   enp0s3  |   U   |
[   39.830239] cloud-init[646]: ci-info: |   2   |   10.0.2.2   | 0.0.0.0  | 255.255.255.255 |   enp0s3  |   UH  |
[   39.861356] cloud-init[646]: ci-info: |   3   | 192.168.50.0 | 0.0.0.0  |  255.255.255.0  |   enp0s8  |   U   |
[   39.891524] cloud-init[646]: ci-info: +-------+--------------+----------+-----------------+-----------+-------+
[   39.919831] cloud-init[646]: ci-info: +++++++++++++++++++Route IPv6 info+++++++++++++++++++
[   39.942227] cloud-init[646]: ci-info: +-------+-------------+---------+-----------+-------+
[   39.967944] cloud-init[646]: ci-info: | Route | Destination | Gateway | Interface | Flags |
[   40.011388] cloud-init[646]: ci-info: +-------+-------------+---------+-----------+-------+
[   40.038204] cloud-init[646]: ci-info: |   1   |  fe80::/64  |    ::   |   enp0s8  |   U   |
[   40.060757] cloud-init[646]: ci-info: |   2   |  fe80::/64  |    ::   |   enp0s3  |   U   |
[   40.084387] cloud-init[646]: ci-info: |   4   |    local    |    ::   |   enp0s3  |   U   |
[   40.106966] cloud-init[646]: ci-info: |   5   |    local    |    ::   |   enp0s8  |   U   |
[   40.137267] cloud-init[646]: ci-info: |   6   |   ff00::/8  |    ::   |   enp0s8  |   U   |
[   40.173053] cloud-init[646]: ci-info: |   7   |   ff00::/8  |    ::   |   enp0s3  |   U   |
[   40.207898] cloud-init[646]: ci-info: +-------+-------------+---------+-----------+-------+
[[0;32m  OK  [0m] Started Initial cloud-init job (metadata service crawler).
[[0;32m  OK  [0m] Reached target Network is Online.
[[0;32m  OK  [0m] Reached target Remote File Systems (Pre).
[[0;32m  OK  [0m] Reached target Remote File Systems.
         Starting Availability of block devices...
[[0;32m  OK  [0m] Reached target Cloud-config availability.
[[0;32m  OK  [0m] Reached target System Initialization.
[[0;32m  OK  [0m] Started ACPI Events Check.
         Starting Socket activation for snappy daemon.
[[0;32m  OK  [0m] Reached target Paths.
[[0;32m  OK  [0m] Started Daily apt download activities.
[[0;32m  OK  [0m] Listening on UUID daemon activation socket.
[[0;32m  OK  [0m] Listening on ACPID Listen Socket.
[[0;32m  OK  [0m] Listening on Open-iSCSI iscsid Socket.
[[0;32m  OK  [0m] Started Discard unused blocks once a week.
         Starting LXD - unix socket.
[[0;32m  OK  [0m] Listening on D-Bus System Message Bus Socket.
[[0;32m  OK  [0m] Started Daily apt upgrade and clean activities.
[[0;32m  OK  [0m] Started Daily Cleanup of Temporary Directories.
[[0;32m  OK  [0m] Started Message of the Day.
[[0;32m  OK  [0m] Reached target Timers.
         Starting Docker Socket for the API.
[[0;32m  OK  [0m] Started Availability of block devices.
[[0;32m  OK  [0m] Listening on Socket activation for snappy daemon.
[[0;32m  OK  [0m] Listening on LXD - unix socket.
[[0;32m  OK  [0m] Listening on Docker Socket for the API.
[[0;32m  OK  [0m] Reached target Sockets.
[[0;32m  OK  [0m] Reached target Basic System.
         Starting Accounts Service...
         Starting Permit User Sessions...
         Starting System Logging Service...
[[0;32m  OK  [0m] Started FUSE filesystem for LXC.
         Starting Login Service...
         Starting Snappy daemon...
[[0;32m  OK  [0m] Started Deferred execution scheduler.
[[0;32m  OK  [0m] Started Regular background program processing daemon.
         Starting LXD - container startup/shutdown...
         Starting LSB: automatic crash report generation...
         Starting OpenBSD Secure Shell server...
         Starting Dispatcher daemon for systemd-networkd...
[[0;32m  OK  [0m] Started irqbalance daemon.
[[0;32m  OK  [0m] Started D-Bus System Message Bus.
         Starting Virtualbox guest utils...
         Starting containerd container runtime...
         Starting LSB: Record successful boot for GRUB...
[[0;32m  OK  [0m] Started System Logging Service.
[[0;32m  OK  [0m] Started Permit User Sessions.
[[0;32m  OK  [0m] Started Login Service.
[[0;32m  OK  [0m] Started Unattended Upgrades Shutdown.
         Starting Hold until boot process finishes up...
         Starting Terminate Plymouth Boot Screen...
[[0;32m  OK  [0m] Started Snappy daemon.
[[0;32m  OK  [0m] Started OpenBSD Secure Shell server.
[[0;32m  OK  [0m] Started containerd container runtime.
[[0;32m  OK  [0m] Started Hold until boot process finishes up.
         Starting Set console scheme...
[[0;32m  OK  [0m] Started Serial Getty on ttyS0.
         Starting Docker Application Container Engine...
         Starting Wait until snapd is fully seeded...
[[0;32m  OK  [0m] Started Terminate Plymouth Boot Screen.
[[0;32m  OK  [0m] Started Set console scheme.
[[0;32m  OK  [0m] Created slice system-getty.slice.
[[0;32m  OK  [0m] Started Getty on tty1.
[[0;32m  OK  [0m] Reached target Login Prompts.
         Starting Authorization Manager...
[[0;32m  OK  [0m] Started LSB: automatic crash report generation.
[[0;32m  OK  [0m] Started Wait until snapd is fully seeded.
         Starting Apply the settings specified in cloud-config...
[[0;32m  OK  [0m] Started LSB: Record successful boot for GRUB.
[[0;32m  OK  [0m] Started Authorization Manager.
[[0;32m  OK  [0m] Started Accounts Service.
[[0;32m  OK  [0m] Created slice User Slice of vagrant.
[[0;32m  OK  [0m] Started Virtualbox guest utils.
[[0;32m  OK  [0m] Started Dispatcher daemon for systemd-networkd.
[[0;32m  OK  [0m] Started LXD - container startup/shutdown.
[[0;32m  OK  [0m] Started Session 1 of user vagrant.
         Starting User Manager for UID 1000...
[   45.658375] cloud-init[996]: Cloud-init v. 18.5-45-g3554ffe8-0ubuntu1~18.04.1 running 'modules:config' at Mon, 20 May 2019 19:01:49 +0000. Up 45.29 seconds.
[[0;32m  OK  [0m] Started Apply the settings specified in cloud-config.
[[0;32m  OK  [0m] Started User Manager for UID 1000.

Ubuntu 18.04.2 LTS containerhost03 ttyS0

containerhost03 login: [   51.789449] cloud-init[1442]: Cloud-init v. 18.5-45-g3554ffe8-0ubuntu1~18.04.1 running 'modules:final' at Mon, 20 May 2019 19:01:54 +0000. Up 50.58 seconds.
[   51.789883] cloud-init[1442]: Cloud-init v. 18.5-45-g3554ffe8-0ubuntu1~18.04.1 finished at Mon, 20 May 2019 19:01:55 +0000. Datasource DataSourceNoCloud [seed=/dev/sdb][dsmode=net].  Up 51.77 seconds
